// Jest Snapshot v1, https://goo.gl/fbAQLP

exports[`Input Component testing should render Input component properly 1`] = `ShallowWrapper {}`;
